// Jest Snapshot v1, https://goo.gl/fbAQLP

exports[`Component => RenderField should match snapshot 1`] = `
<h1>
  Home
</h1>
`;
